2026-01-21 14:43:55,322 - INFO - Started execution ID: 2026-01-21_14-43-55
2026-01-21 14:43:55,322 - INFO - Loading dataset from dataset/data2.csv
2026-01-21 14:43:55,353 - INFO - Initializing Model with max_depth=5, min_samples_split=2
2026-01-21 14:43:55,353 - INFO - Training started...
2026-01-21 14:43:55,353 - INFO - Training completed...
2026-01-21 14:43:55,369 - INFO - Saving output to result\tree_result_2026-01-21_14-43-55.dot...
2026-01-21 14:46:39,015 - INFO - Started execution ID: 2026-01-21_14-46-39
2026-01-21 14:46:39,015 - INFO - Loading dataset from dataset/data2.csv
2026-01-21 14:46:39,029 - INFO - Initializing Model with max_depth=5, min_samples_split=2
2026-01-21 14:46:39,029 - INFO - Training started...
2026-01-21 14:46:39,042 - INFO - Training completed...
2026-01-21 14:46:39,054 - INFO - Saving output to result\tree_result_2026-01-21_14-46-39.dot...
2026-01-21 14:50:18,573 - INFO - Started execution ID: 2026-01-21_14-50-18
2026-01-21 14:50:18,573 - INFO - Loading dataset from dataset/data2.csv
2026-01-21 14:50:18,592 - INFO - Initializing Model with max_depth=5, min_samples_split=2
2026-01-21 14:50:18,592 - INFO - Training started...
2026-01-21 14:50:18,606 - INFO - Training completed...
2026-01-21 14:50:18,606 - INFO - Saving output to output\tree_result_2026-01-21_14-50-18.dot...
2026-01-24 16:15:43,531 - INFO - Started execution ID: 2026-01-24_16-15-43
2026-01-24 16:15:43,531 - INFO - Loading dataset from dataset/data3.csv
2026-01-24 16:15:43,566 - INFO - Initializing Model with max_depth=5, min_samples_split=2
2026-01-24 16:15:43,566 - INFO - Training started...
2026-01-24 16:15:43,606 - INFO - Training completed...
2026-01-24 16:15:43,609 - INFO - Saving output to output\tree_result_2026-01-24_16-15-43.dot...
2026-01-24 16:18:04,326 - INFO - Started execution ID: 2026-01-24_16-18-04
2026-01-24 16:18:04,326 - INFO - Loading dataset from dataset/data4.csv
2026-01-24 16:18:04,326 - INFO - Initializing Model with max_depth=5, min_samples_split=2
2026-01-24 16:18:04,326 - INFO - Training started...
2026-01-24 16:18:05,213 - INFO - Training completed...
2026-01-24 16:18:05,236 - INFO - Saving output to output\tree_result_2026-01-24_16-18-04.dot...
